node.exe : Browserslist: 
browsers data 
(caniuse-lite) is 10 
months old. Please run:
Au caractère Ligne:1 : 1
+ & 
"C:\nvm4w\nodejs/node.exe" 
"C:\nvm4w\nodejs/node_modul
es/npm/bin/np ...
+ ~~~~~~~~~~~~~~~~~~~~~~~~~
~~~~~~~~~~~~~~~~~~~~~~~~~~~
~~~~~~~~~~~~~~~~~
    + CategoryInfo         
     : NotSpecified: (Bro  
  wserslist: b...ld. Ple   
 ase run::String) [], R    
emoteException
    + FullyQualifiedErrorI 
   d : NativeCommandError
 
  npx update-browserslist-d
b@latest
  Why you should do it 
regularly: https://github.c
om/browserslist/update-db#r
eadme
[31mx[39m Build failed 
in 51.85s
[31merror during build:
[31mCould not resolve 
entry module "@supabase/sup
abase-js".[31m
    at getRollupError (file
:///C:/Users/Slicydicy/Docu
ments/GitHub/twinbite-order
/node_modules/rollup/dist/e
s/shared/parseAst.js:395:41
)
    at error (file:///C:/Us
ers/Slicydicy/Documents/Git
Hub/twinbite-order/node_mod
ules/rollup/dist/es/shared/
parseAst.js:391:42)
    at ModuleLoader.loadEnt
ryModule (file:///C:/Users/
Slicydicy/Documents/GitHub/
twinbite-order/node_modules
/rollup/dist/es/shared/node
-entry.js:20027:20)
    at async Promise.all 
(index 0)
    at async Promise.all 
(index 0)[39m
